node.exe : - Generating browser application bundles (phase: setup)...
At C:\Program Files\nodejs\ng.ps1:16 char:5
+     & "$basedir/node$exe"  "$basedir/node_modules/@angular/cli/bin/ng ...
+     ~~~~~~~~~~~~~~~~~~~~~~~~~~~~~~~~~~~~~~~~~~~~~~~~~~~~~~~~~~~~~~~~~
    + CategoryInfo          : NotSpecified: (- Generating br...hase: setup)...:String) [], RemoteException
    + FullyQualifiedErrorId : NativeCommandError
 
Γ£ö Browser application bundle generation complete.

Initial Chunk Files   | Names         |  Raw Size
vendor.js             | vendor        |   2.79 MB |
main.js               | main          | 388.09 kB |
polyfills.js          | polyfills     | 252.57 kB |
styles.css, styles.js | styles        | 153.33 kB |
runtime.js            | runtime       |   6.52 kB |

| Initial Total |   3.57 MB

Build at: 2026-01-17T18:33:21.258Z - Hash: aa68ac20282152fb - Time: 2823ms

** Angular Live Development Server is listening on localhost:4200, open your browser on http://localhost:4200/ **


ΓêÜ Compiled successfully.
Γ£ö Browser application bundle generation complete.

5 unchanged chunks

Build at: 2026-01-17T18:33:21.546Z - Hash: aa68ac20282152fb - Time: 187ms

ΓêÜ Compiled successfully.
Γ£ö Browser application bundle generation complete.

5 unchanged chunks

Build at: 2026-01-17T18:39:43.946Z - Hash: aa68ac20282152fb - Time: 464ms

ΓêÜ Compiled successfully.
